slurmstepd: error: Unable to create TMPDIR [/run/user/39486]: Permission denied
slurmstepd: error: Setting TMPDIR to /tmp
[Wed May 13 08:21:46 AM CEST 2026] Upgrading transformers in agent venv
Collecting transformers>=5.8
  Downloading transformers-5.8.1-py3-none-any.whl.metadata (33 kB)
Requirement already satisfied: huggingface-hub<2.0,>=1.5.0 in /home/ITER/mcintos/.local/share/ambix/agent-venv/lib/python3.12/site-packages (from transformers>=5.8) (1.14.0)
Requirement already satisfied: numpy>=1.17 in /home/ITER/mcintos/.local/share/ambix/agent-venv/lib/python3.12/site-packages (from transformers>=5.8) (2.3.5)
Requirement already satisfied: packaging>=20.0 in /home/ITER/mcintos/.local/share/ambix/agent-venv/lib/python3.12/site-packages (from transformers>=5.8) (26.2)
Requirement already satisfied: pyyaml>=5.1 in /home/ITER/mcintos/.local/share/ambix/agent-venv/lib/python3.12/site-packages (from transformers>=5.8) (6.0.1)
Requirement already satisfied: regex>=2025.10.22 in /home/ITER/mcintos/.local/share/ambix/agent-venv/lib/python3.12/site-packages (from transformers>=5.8) (2026.5.9)
Requirement already satisfied: tokenizers<=0.23.0,>=0.22.0 in /home/ITER/mcintos/.local/share/ambix/agent-venv/lib/python3.12/site-packages (from transformers>=5.8) (0.22.2)
Requirement already satisfied: typer in /home/ITER/mcintos/.local/share/ambix/agent-venv/lib/python3.12/site-packages (from transformers>=5.8) (0.25.1)
Requirement already satisfied: safetensors>=0.4.3 in /home/ITER/mcintos/.local/share/ambix/agent-venv/lib/python3.12/site-packages (from transformers>=5.8) (0.7.0)
Requirement already satisfied: tqdm>=4.27 in /home/ITER/mcintos/.local/share/ambix/agent-venv/lib/python3.12/site-packages (from transformers>=5.8) (4.67.3)
Requirement already satisfied: filelock>=3.10.0 in /home/ITER/mcintos/.local/share/ambix/agent-venv/lib/python3.12/site-packages (from huggingface-hub<2.0,>=1.5.0->transformers>=5.8) (3.29.0)
Requirement already satisfied: fsspec>=2023.5.0 in /home/ITER/mcintos/.local/share/ambix/agent-venv/lib/python3.12/site-packages (from huggingface-hub<2.0,>=1.5.0->transformers>=5.8) (2026.4.0)
Requirement already satisfied: hf-xet<2.0.0,>=1.4.3 in /home/ITER/mcintos/.local/share/ambix/agent-venv/lib/python3.12/site-packages (from huggingface-hub<2.0,>=1.5.0->transformers>=5.8) (1.5.0)
Requirement already satisfied: httpx<1,>=0.23.0 in /home/ITER/mcintos/.local/share/ambix/agent-venv/lib/python3.12/site-packages (from huggingface-hub<2.0,>=1.5.0->transformers>=5.8) (0.28.1)
Requirement already satisfied: typing-extensions>=4.1.0 in /home/ITER/mcintos/.local/share/ambix/agent-venv/lib/python3.12/site-packages (from huggingface-hub<2.0,>=1.5.0->transformers>=5.8) (4.15.0)
Requirement already satisfied: anyio in /home/ITER/mcintos/.local/share/ambix/agent-venv/lib/python3.12/site-packages (from httpx<1,>=0.23.0->huggingface-hub<2.0,>=1.5.0->transformers>=5.8) (4.13.0)
Requirement already satisfied: certifi in /home/ITER/mcintos/.local/share/ambix/agent-venv/lib/python3.12/site-packages (from httpx<1,>=0.23.0->huggingface-hub<2.0,>=1.5.0->transformers>=5.8) (2026.4.22)
Requirement already satisfied: httpcore==1.* in /home/ITER/mcintos/.local/share/ambix/agent-venv/lib/python3.12/site-packages (from httpx<1,>=0.23.0->huggingface-hub<2.0,>=1.5.0->transformers>=5.8) (1.0.9)
Requirement already satisfied: idna in /home/ITER/mcintos/.local/share/ambix/agent-venv/lib/python3.12/site-packages (from httpx<1,>=0.23.0->huggingface-hub<2.0,>=1.5.0->transformers>=5.8) (3.14)
Requirement already satisfied: h11>=0.16 in /home/ITER/mcintos/.local/share/ambix/agent-venv/lib/python3.12/site-packages (from httpcore==1.*->httpx<1,>=0.23.0->huggingface-hub<2.0,>=1.5.0->transformers>=5.8) (0.16.0)
Requirement already satisfied: click>=8.2.1 in /home/ITER/mcintos/.local/share/ambix/agent-venv/lib/python3.12/site-packages (from typer->transformers>=5.8) (8.3.3)
Requirement already satisfied: shellingham>=1.3.0 in /home/ITER/mcintos/.local/share/ambix/agent-venv/lib/python3.12/site-packages (from typer->transformers>=5.8) (1.5.4)
Requirement already satisfied: rich>=13.8.0 in /home/ITER/mcintos/.local/share/ambix/agent-venv/lib/python3.12/site-packages (from typer->transformers>=5.8) (15.0.0)
Requirement already satisfied: annotated-doc>=0.0.2 in /home/ITER/mcintos/.local/share/ambix/agent-venv/lib/python3.12/site-packages (from typer->transformers>=5.8) (0.0.4)
Requirement already satisfied: markdown-it-py>=2.2.0 in /home/ITER/mcintos/.local/share/ambix/agent-venv/lib/python3.12/site-packages (from rich>=13.8.0->typer->transformers>=5.8) (4.2.0)
Requirement already satisfied: pygments<3.0.0,>=2.13.0 in /home/ITER/mcintos/.local/share/ambix/agent-venv/lib/python3.12/site-packages (from rich>=13.8.0->typer->transformers>=5.8) (2.20.0)
Requirement already satisfied: mdurl~=0.1 in /home/ITER/mcintos/.local/share/ambix/agent-venv/lib/python3.12/site-packages (from markdown-it-py>=2.2.0->rich>=13.8.0->typer->transformers>=5.8) (0.1.2)
Downloading transformers-5.8.1-py3-none-any.whl (10.6 MB)
   ━━━━━━━━━━━━━━━━━━━━━━━━━━━━━━━━━━━━━━━━ 10.6/10.6 MB 79.2 MB/s  0:00:00
Installing collected packages: transformers
  Attempting uninstall: transformers
    Found existing installation: transformers 5.6.0
    Uninstalling transformers-5.6.0:
      Successfully uninstalled transformers-5.6.0
ERROR: pip's dependency resolver does not currently take into account all the packages that are installed. This behaviour is the source of the following dependency conflicts.
sglang 0.5.11 requires sglang-kernel==0.4.2, but you have sglang-kernel 0.4.2.post1 which is incompatible.
sglang 0.5.11 requires transformers==5.6.0, but you have transformers 5.8.1 which is incompatible.
Successfully installed transformers-5.8.1
[Wed May 13 08:22:17 AM CEST 2026] Checking version
transformers=5.8.1
[Wed May 13 08:22:42 AM CEST 2026] Checking deepseek_v4 support
Traceback (most recent call last):
  File "<string>", line 3, in <module>
AttributeError: type object 'AutoConfig' has no attribute '_model_mapping'
