negative control: GAUGE_SERIES["prefix_cache_hit_rate"][FAMILY_SGLANG] renamed ("cache_hit_rate",) -> ("cache_rate_renamed",)
revision: c0b33486795bd13c27a6d5515f99a0425e68d991  tree: /home/ITER/mcintos/Code/.reckon-worktrees/imas-ambix-0405601943d2/sglang-vocabulary/sglang-vocabulary
command: uv run --no-sync pytest -q -p no:cacheprovider tests/test_engine_metrics.py
.F....F.FF.............                                                  [100%]
=================================== FAILURES ===================================
____________ test_the_recorded_scrape_sources_every_canonical_field ____________

    def test_the_recorded_scrape_sources_every_canonical_field() -> None:
        """Every canonical field a reading must expose is sourced by the scrape's bytes.
    
        Two things are asserted against the file rather than against the module.
        Every canonical quantity resolves from the recorded scrape, with the
        expectation written out here so a series mapping that is dropped or renamed
        fails rather than silently shrinking the expectation with it. And each
        quantity's source series is read out of the file's own text, so a fixture
        that was hand-written, truncated or left behind by an older engine revision
        cannot satisfy this test by carrying canned values.
        """
        assert _SGLANG_FIXTURE.is_file(), _SGLANG_FIXTURE
        text = _SGLANG_FIXTURE.read_text(encoding="utf-8")
        section = _section(text)
    
        unresolved: list[str] = []
        unsourced: list[str] = []
        for quantity, path, name, label in _CANONICAL_FIELD_SOURCES:
            if _resolve(section, path) is None:
                unresolved.append(f"{quantity} ({'.'.join(path)})")
            if not _has_sample_line(text, name, label):
                unsourced.append(f"{quantity} ({'.'.join(path)}) <- {name}{label}")
    
>       assert not unresolved and not unsourced, {
            "unresolved": unresolved,
            "unsourced": unsourced,
        }
E       AssertionError: {'unresolved': ['prefix-cache hit rate (prefix_cache_hit_rate)'], 'unsourced': []}
E       assert (not ['prefix-cache hit rate (prefix_cache_hit_rate)'])

tests/test_engine_metrics.py:327: AssertionError
____________ test_both_families_report_every_quantity_they_publish _____________

    def test_both_families_report_every_quantity_they_publish() -> None:
        """Presence follows the family tables, not a branch in the reader.
    
        Both fixtures carry every series their family publishes, so each family's
        section must carry exactly the keys written down in ``_SECTION_KEYS`` -- the
        canonical quantities that family publishes plus the two annotations. The
        expectation is a literal, so a family whose series mapping loses a quantity
        fails here rather than moving its expected key in step with the delivered one.
        """
        delivered = {
            engine_metrics.FAMILY_SGLANG: set(_sglang_section()),
            engine_metrics.FAMILY_VLLM: set(_section(_vllm_metrics())),
        }
    
        # The literal must cover every family, so a new family cannot arrive with no
        # written-down expectation and pass by default.
        assert set(delivered) == set(engine_metrics.FAMILIES)
        for family, expected in _SECTION_KEYS.items():
>           assert delivered[family] == expected, family
E           AssertionError: sglang
E           assert {'cached_prom...odel_id', ...} == frozenset({'c...del_id', ...})
E             
E             Extra items in the right set:
E             'prefix_cache_hit_rate'
E             Use -v to get more diff

tests/test_engine_metrics.py:534: AssertionError
_____ test_the_recorded_scrape_resolves_the_cache_and_speculative_columns ______

    def test_the_recorded_scrape_resolves_the_cache_and_speculative_columns() -> None:
        """The recorded SGLang scrape fills the cache and speculative columns.
    
        The two families report these quantities in different shapes -- a published
        rate and a pair of acceptance gauges on one side, cumulative counters on the
        other -- so this asserts that an SGLang scrape fills the columns SGLang can
        fill, and that it is the file's own bytes that fill them. The recorded serve
        was idle, so the values are genuine zeros: presence is what is asserted
        because a time-varying gauge on a quiet engine has no other value to offer.
        """
        text = _SGLANG_FIXTURE.read_text(encoding="utf-8")
        section = _section(text)
    
        resolved = {
>           "prefix_cache_hit_rate": section["prefix_cache_hit_rate"],
                                     ^^^^^^^^^^^^^^^^^^^^^^^^^^^^^^^^
            "accept_rate": section["spec_decode"]["accept_rate"],
            "accept_length": section["spec_decode"]["accept_length"],
            "active_draft_tokens": section["spec_decode"]["active_draft_tokens"],
        }
E       KeyError: 'prefix_cache_hit_rate'

tests/test_engine_metrics.py:582: KeyError
________ test_a_resolved_gauge_carries_its_magnitude_not_merely_its_key ________

    def test_a_resolved_gauge_carries_its_magnitude_not_merely_its_key() -> None:
        """The reader carries the gauge's value, checked against a non-zero scrape.
    
        A uniform zero column satisfies a presence assertion while measuring
        nothing, so the same series are put to a non-zero exposure of the same
        shapes; a reader that reported the key without the value would pass the
        fixture test above and fail here.
        """
        text = "\n".join(
            (
                "sglang:cache_hit_rate 0.42",
                "sglang:spec_accept_rate 0.81",
                "sglang:spec_accept_length 3.25",
                "sglang:spec_num_draft_tokens 5.0",
            )
        )
        section = _section(text)
    
>       assert section["prefix_cache_hit_rate"] == 0.42
               ^^^^^^^^^^^^^^^^^^^^^^^^^^^^^^^^
E       KeyError: 'prefix_cache_hit_rate'

tests/test_engine_metrics.py:620: KeyError
=========================== short test summary info ============================
FAILED tests/test_engine_metrics.py::test_the_recorded_scrape_sources_every_canonical_field
FAILED tests/test_engine_metrics.py::test_both_families_report_every_quantity_they_publish
FAILED tests/test_engine_metrics.py::test_the_recorded_scrape_resolves_the_cache_and_speculative_columns
FAILED tests/test_engine_metrics.py::test_a_resolved_gauge_carries_its_magnitude_not_merely_its_key
4 failed, 19 passed in 1.54s
PYTEST_EXIT=1
