warning: `VIRTUAL_ENV=/home/ITER/mcintos/Code/reckon/.venv` does not match the project environment path `/home/ITER/mcintos/Code/imas-ambix/.venv` and will be ignored; use `--active` to target the active environment instead
00:00:36 INFO     Parsing data dictionary version 4.1.1 [90m@dd_zip.py:89[0m
INFO:imas.dd_zip:Parsing data dictionary version 4.1.1
/home/ITER/mcintos/Code/imas-ambix/.venv/lib/python3.14/site-packages/numpy/lib/_nanfunctions_impl.py:1997: RuntimeWarning: Degrees of freedom <= 0 for slice.
  var = nanvar(a, axis=axis, dtype=dtype, out=out, ddof=ddof,
/home/ITER/mcintos/Code/imas-ambix/.venv/lib/python3.14/site-packages/numpy/lib/_nanfunctions_impl.py:1997: RuntimeWarning: Degrees of freedom <= 0 for slice.
  var = nanvar(a, axis=axis, dtype=dtype, out=out, ddof=ddof,
/home/ITER/mcintos/Code/imas-ambix/.venv/lib/python3.14/site-packages/numpy/lib/_nanfunctions_impl.py:1997: RuntimeWarning: Degrees of freedom <= 0 for slice.
  var = nanvar(a, axis=axis, dtype=dtype, out=out, ddof=ddof,
/home/ITER/mcintos/Code/imas-ambix/.venv/lib/python3.14/site-packages/numpy/lib/_nanfunctions_impl.py:1997: RuntimeWarning: Degrees of freedom <= 0 for slice.
  var = nanvar(a, axis=axis, dtype=dtype, out=out, ddof=ddof,
/home/ITER/mcintos/Code/imas-ambix/.venv/lib/python3.14/site-packages/numpy/lib/_nanfunctions_impl.py:1997: RuntimeWarning: Degrees of freedom <= 0 for slice.
  var = nanvar(a, axis=axis, dtype=dtype, out=out, ddof=ddof,
/home/ITER/mcintos/Code/imas-ambix/.venv/lib/python3.14/site-packages/numpy/lib/_nanfunctions_impl.py:1997: RuntimeWarning: Degrees of freedom <= 0 for slice.
  var = nanvar(a, axis=axis, dtype=dtype, out=out, ddof=ddof,
/home/ITER/mcintos/Code/imas-ambix/.venv/lib/python3.14/site-packages/numpy/lib/_nanfunctions_impl.py:1997: RuntimeWarning: Degrees of freedom <= 0 for slice.
  var = nanvar(a, axis=axis, dtype=dtype, out=out, ddof=ddof,
/home/ITER/mcintos/Code/imas-ambix/.venv/lib/python3.14/site-packages/numpy/lib/_nanfunctions_impl.py:1997: RuntimeWarning: Degrees of freedom <= 0 for slice.
  var = nanvar(a, axis=axis, dtype=dtype, out=out, ddof=ddof,
PREPARED slices=160 shots=8
/home/ITER/mcintos/Code/.reckon-worktrees/imas-ambix-0405601943d2/s-20260819-thar/harmonic-config-refreeze/imas_ambix/latent/artifacts/patch_gate/run_harmonic_configuration_selection.py:196: RuntimeWarning: All-NaN slice encountered
  per_slice_offset = np.nanmedian(lcfs_offset, axis=1)
ARM split=train order=3 ridge=1e-08 fraction=0.25 anchor=False lcfs=-6.803169 ci=[-8.002345524454185, -6.025532974461389] consistency=0.084718
ARM split=train order=3 ridge=1e-08 fraction=0.41 anchor=False lcfs=-3.305749 ci=[-3.8321017238852977, -2.906633368098488] consistency=0.078961
/home/ITER/mcintos/Code/.reckon-worktrees/imas-ambix-0405601943d2/s-20260819-thar/harmonic-config-refreeze/imas_ambix/latent/artifacts/patch_gate/run_harmonic_configuration_selection.py:214: RuntimeWarning: All-NaN slice encountered
  np.nanmedian(per_slice_offset[flattop_array])
ARM split=train order=3 ridge=1e-08 fraction=0.55 anchor=False lcfs=-8.249965 ci=[-12.413046618531848, -7.7008617226186376] consistency=6.519241
ARM split=train order=3 ridge=0.0001 fraction=0.25 anchor=False lcfs=-6.804810 ci=[-8.004157750935203, -6.027143148536987] consistency=0.084780
ARM split=train order=3 ridge=0.0001 fraction=0.41 anchor=False lcfs=-3.311550 ci=[-3.839350742841251, -2.9114504507151264] consistency=0.079026
ARM split=train order=3 ridge=0.0001 fraction=0.55 anchor=False lcfs=-8.271382 ci=[-12.44313100150092, -7.721032494047072] consistency=6.458188
ARM split=train order=3 ridge=0.01 fraction=0.25 anchor=False lcfs=-6.496928 ci=[-7.080241293966493, -6.052038503414704] consistency=0.086914
ARM split=train order=3 ridge=0.01 fraction=0.41 anchor=False lcfs=-3.918779 ci=[-4.599932830273601, -3.443788998662157] consistency=0.084894
ARM split=train order=3 ridge=0.01 fraction=0.55 anchor=False lcfs=-10.217838 ci=[-15.311482336591055, -9.622277647648747] consistency=2.541797
ARM split=train order=3 ridge=0.1 fraction=0.25 anchor=False lcfs=-8.282984 ci=[-8.91411268142, -7.610698968970634] consistency=0.112545
ARM split=train order=3 ridge=0.1 fraction=0.41 anchor=False lcfs=-9.796751 ci=[-11.374882647527249, -8.97571319240606] consistency=0.134362
/home/ITER/mcintos/Code/.reckon-worktrees/imas-ambix-0405601943d2/s-20260819-thar/harmonic-config-refreeze/imas_ambix/latent/artifacts/patch_gate/run_harmonic_configuration_selection.py:212: RuntimeWarning: All-NaN slice encountered
  "lcfs_offset_median_cm_all": float(np.nanmedian(per_slice_offset)),
ARM split=train order=3 ridge=0.1 fraction=0.55 anchor=False lcfs=nan ci=[None, None] consistency=7.894132
ARM split=train order=4 ridge=1e-08 fraction=0.25 anchor=False lcfs=-4.948612 ci=[-5.461680539467919, -4.535594726148745] consistency=0.083484
ARM split=train order=4 ridge=1e-08 fraction=0.41 anchor=False lcfs=-3.935540 ci=[-4.737107794173049, -3.3226007561330455] consistency=0.078071
ARM split=train order=4 ridge=1e-08 fraction=0.55 anchor=False lcfs=-7.822820 ci=[-11.476676443199157, -7.413735810325795] consistency=38.725470
ARM split=train order=4 ridge=0.0001 fraction=0.25 anchor=False lcfs=-4.947650 ci=[-5.461184930777258, -4.533414805553123] consistency=0.083544
ARM split=train order=4 ridge=0.0001 fraction=0.41 anchor=False lcfs=-3.942919 ci=[-4.745275428374969, -3.329614728202706] consistency=0.078134
ARM split=train order=4 ridge=0.0001 fraction=0.55 anchor=False lcfs=-7.843327 ci=[-11.507050744842404, -7.433804823464969] consistency=38.368038
ARM split=train order=4 ridge=0.01 fraction=0.25 anchor=False lcfs=-5.310837 ci=[-5.75665759749563, -4.895470807726118] consistency=0.088137
ARM split=train order=4 ridge=0.01 fraction=0.41 anchor=False lcfs=-4.647346 ci=[-5.574097892683823, -3.9898837005399037] consistency=0.085298
ARM split=train order=4 ridge=0.01 fraction=0.55 anchor=False lcfs=-9.727520 ci=[-14.20408033057093, -9.266997574386458] consistency=110.985216
ARM split=train order=4 ridge=0.1 fraction=0.25 anchor=False lcfs=-7.353904 ci=[-8.051811196773594, -6.906229923198576] consistency=0.115312
ARM split=train order=4 ridge=0.1 fraction=0.41 anchor=False lcfs=-11.765848 ci=[-13.573769437935791, -10.759076035478454] consistency=0.135263
ARM split=train order=4 ridge=0.1 fraction=0.55 anchor=False lcfs=-21.611132 ci=[-29.19425493692553, -19.511697712381473] consistency=73.213627
ARM split=train order=5 ridge=1e-08 fraction=0.25 anchor=False lcfs=-4.038298 ci=[-4.638253335714861, -3.525706815207942] consistency=0.081836
ARM split=train order=5 ridge=1e-08 fraction=0.41 anchor=False lcfs=-6.856263 ci=[-7.844548467510973, -6.016677733362151] consistency=0.081305
ARM split=train order=5 ridge=1e-08 fraction=0.55 anchor=False lcfs=-7.831017 ci=[-11.535423316173983, -7.434613961015345] consistency=6342.852711
ARM split=train order=5 ridge=0.0001 fraction=0.25 anchor=False lcfs=-4.059057 ci=[-4.686804595992837, -3.5347075878719054] consistency=0.081891
ARM split=train order=5 ridge=0.0001 fraction=0.41 anchor=False lcfs=-6.862597 ci=[-7.850536834851666, -6.023500927978216] consistency=0.081485
ARM split=train order=5 ridge=0.0001 fraction=0.55 anchor=False lcfs=-7.851359 ci=[-11.563094180147827, -7.454829491575322] consistency=6129.057025
ARM split=train order=5 ridge=0.01 fraction=0.25 anchor=False lcfs=-4.711148 ci=[-5.272204833979987, -4.219949409449282] consistency=0.086523
ARM split=train order=5 ridge=0.01 fraction=0.41 anchor=False lcfs=-6.364984 ci=[-6.811417957584241, -5.8338184502663] consistency=0.090122
ARM split=train order=5 ridge=0.01 fraction=0.55 anchor=False lcfs=-9.668016 ci=[-14.041510777930188, -9.211904626581727] consistency=1388.616471
ARM split=train order=5 ridge=0.1 fraction=0.25 anchor=False lcfs=-9.937592 ci=[-10.839983288107677, -9.019353615415845] consistency=0.131299
ARM split=train order=5 ridge=0.1 fraction=0.41 anchor=False lcfs=-8.331780 ci=[-8.930897381114196, -7.848058972673107] consistency=0.133992
ARM split=train order=5 ridge=0.1 fraction=0.55 anchor=False lcfs=-20.697266 ci=[-27.4739045140724, -18.64586104697409] consistency=3996.793854
slurmstepd: error: *** JOB 1251893 ON 98dci4-clu-3141 CANCELLED AT 2026-08-20T00:21:38 ***
