warning: `VIRTUAL_ENV=/home/ITER/mcintos/Code/reckon/.venv` does not match the project environment path `/home/ITER/mcintos/Code/imas-ambix/.venv` and will be ignored; use `--active` to target the active environment instead
{
  "selected": {
    "order": 3,
    "ridge": 1e-08,
    "pole_inboard_fraction": 0.41,
    "ip_anchor": false,
    "split": "train",
    "lcfs_skill": -3.305749,
    "lcfs_skill_ci": [
      -3.8321017238852977,
      -2.906633368098488
    ],
    "consistency_rms_annulus": 0.078961,
    "selection_eligible": true
  },
  "heldout": {
    "order": 3,
    "ridge": 1e-08,
    "pole_inboard_fraction": 0.41,
    "ip_anchor": false,
    "split": "eval",
    "n_scored": 160,
    "n_shots": 8,
    "per_quantity_skill": {
      "axis_R": -0.7525836498754188,
      "axis_Z": -3.040138204301485,
      "xpt0_R": -0.4446864519430591,
      "xpt0_Z": -16.848190483230763,
      "xpt1_R": -1.8743068730813337,
      "xpt1_Z": -15.424335514730533,
      "lcfs_r_0": -4.222155421153379,
      "lcfs_r_1": -6.857865398495206,
      "lcfs_r_2": -2.85896978287515,
      "lcfs_r_3": -2.8227925007296437,
      "lcfs_r_4": -1.4384975049806967,
      "lcfs_r_5": -2.5705733065960943,
      "lcfs_r_6": -3.0034284976020977,
      "lcfs_r_7": -7.426707088292403
    },
    "axis_skill": -1.8963609270884518,
    "xpoint_set_skill": 0.6893756283230787,
    "lcfs_skill": -3.900123687590584,
    "axis_error_mean_m": 0.11863155173526341,
    "axis_error_median_m": 0.1071095558140687,
    "axis_skill_ci": [
      -2.775633520960458,
      -1.4004672216043739
    ],
    "lcfs_skill_ci": [
      -5.168066956244095,
      -3.0171921266321893
    ],
    "xpoint_set_skill_ci": [
      0.30936156592006614,
      0.7732963403339849
    ],
    "per_quantity_skill_ci": {
      "axis_R": [
        -0.968610019426762,
        -0.5826725215475681
      ],
      "axis_Z": [
        -4.621249459062932,
        -2.2001193325917012
      ],
      "xpt0_R": [
        -0.7387855123638447,
        -0.26749933017070826
      ],
      "xpt0_Z": [
        -45.33284521560978,
        -11.157524702971754
      ],
      "xpt1_R": [
        -4.6012506763349545,
        -0.7673008585899335
      ],
      "xpt1_Z": [
        -29.178571066660176,
        0.49459490819980356
      ],
      "lcfs_r_0": [
        -5.106682859718109,
        -3.318968041440516
      ],
      "lcfs_r_1": [
        -9.199563561341774,
        -5.218473740824541
      ],
      "lcfs_r_2": [
        -5.053807748744147,
        -1.850657079171107
      ],
      "lcfs_r_3": [
        -3.381817586773162,
        -2.2780429331902283
      ],
      "lcfs_r_4": [
        -1.6522887197243084,
        -1.1982919586100182
      ],
      "lcfs_r_5": [
        -2.9691365537461603,
        -2.1747222620996776
      ],
      "lcfs_r_6": [
        -5.112937800010339,
        -1.8599963507416803
      ],
      "lcfs_r_7": [
        -9.670820824137948,
        -5.756103280819017
      ]
    },
    "ci_n_boot": 2000,
    "ci_seed": 0,
    "lcfs_offset_median_cm_all": 11.517603782934993,
    "lcfs_offset_median_cm_flattop": 11.179735692561646,
    "misfit_median": 0.10417604692174251,
    "consistency_rms_annulus": 0.08497886769421978,
    "consistency_rms_annulus_mean": 56.281581860488586,
    "diverted_fraction_all": 0.5804195804195804,
    "saddle_excess_mean": 8.875,
    "saddle_excess_median": 9.0,
    "saddle_clean_fraction": 0.03125,
    "referee_xpoint_count_mean": 0.76875,
    "wall_s": 19.611352495849133
  }
}
EXIT_MARKER=0
