slurmstepd: error: Unable to create TMPDIR [/run/user/39486]: Permission denied
slurmstepd: error: Setting TMPDIR to /tmp
warning: `VIRTUAL_ENV=/home/ITER/mcintos/Code/reckon/.venv` does not match the project environment path `/home/ITER/mcintos/Code/imas-ambix/.venv` and will be ignored; use `--active` to target the active environment instead
TRAIN_ONLY=1 HELDOUT_RESCORED=0
GRID orders=6,8 ridges=1e-8,1e-4,1e-2,1e-1 fractions=0.25,0.41,0.55
00:50:46 INFO     Parsing data dictionary version 4.1.1 [90m@dd_zip.py:89[0m
INFO:imas.dd_zip:Parsing data dictionary version 4.1.1
/home/ITER/mcintos/Code/imas-ambix/.venv/lib/python3.14/site-packages/numpy/lib/_nanfunctions_impl.py:1997: RuntimeWarning: Degrees of freedom <= 0 for slice.
  var = nanvar(a, axis=axis, dtype=dtype, out=out, ddof=ddof,
LOAD shot=11794 retained=True
/home/ITER/mcintos/Code/imas-ambix/.venv/lib/python3.14/site-packages/numpy/lib/_nanfunctions_impl.py:1997: RuntimeWarning: Degrees of freedom <= 0 for slice.
  var = nanvar(a, axis=axis, dtype=dtype, out=out, ddof=ddof,
LOAD shot=11795 retained=True
/home/ITER/mcintos/Code/imas-ambix/.venv/lib/python3.14/site-packages/numpy/lib/_nanfunctions_impl.py:1997: RuntimeWarning: Degrees of freedom <= 0 for slice.
  var = nanvar(a, axis=axis, dtype=dtype, out=out, ddof=ddof,
LOAD shot=11796 retained=True
/home/ITER/mcintos/Code/imas-ambix/.venv/lib/python3.14/site-packages/numpy/lib/_nanfunctions_impl.py:1997: RuntimeWarning: Degrees of freedom <= 0 for slice.
  var = nanvar(a, axis=axis, dtype=dtype, out=out, ddof=ddof,
LOAD shot=11797 retained=True
/home/ITER/mcintos/Code/imas-ambix/.venv/lib/python3.14/site-packages/numpy/lib/_nanfunctions_impl.py:1997: RuntimeWarning: Degrees of freedom <= 0 for slice.
  var = nanvar(a, axis=axis, dtype=dtype, out=out, ddof=ddof,
LOAD shot=11798 retained=True
/home/ITER/mcintos/Code/imas-ambix/.venv/lib/python3.14/site-packages/numpy/lib/_nanfunctions_impl.py:1997: RuntimeWarning: Degrees of freedom <= 0 for slice.
  var = nanvar(a, axis=axis, dtype=dtype, out=out, ddof=ddof,
LOAD shot=11799 retained=True
/home/ITER/mcintos/Code/imas-ambix/.venv/lib/python3.14/site-packages/numpy/lib/_nanfunctions_impl.py:1997: RuntimeWarning: Degrees of freedom <= 0 for slice.
  var = nanvar(a, axis=axis, dtype=dtype, out=out, ddof=ddof,
LOAD shot=11802 retained=True
/home/ITER/mcintos/Code/imas-ambix/.venv/lib/python3.14/site-packages/numpy/lib/_nanfunctions_impl.py:1997: RuntimeWarning: Degrees of freedom <= 0 for slice.
  var = nanvar(a, axis=axis, dtype=dtype, out=out, ddof=ddof,
LOAD shot=11804 retained=True
/home/ITER/mcintos/Code/.reckon-worktrees/imas-ambix-0405601943d2/s-20260820-thar/harmonic-order-sweep/scripts/boundary_harmonic_gate_eval.py:387: RuntimeWarning: All-NaN slice encountered
  per_slice_median = np.nanmedian(offset_cm, axis=1)
ARM {"order": 6, "ridge": 1e-08, "pole_inboard_fraction": 0.25, "ip_anchor": false, "split": "train", "n_scored": 160, "n_shots": 8, "lcfs_skill": -8.804158421154494, "lcfs_skill_ci": [-9.78769360127448, -8.068829046574855], "consistency_rms_annulus": 194010.09412218223, "selection_eligible": false, "wall_s": 16.023366605862975}
ARM {"order": 6, "ridge": 1e-08, "pole_inboard_fraction": 0.41, "ip_anchor": false, "split": "train", "n_scored": 160, "n_shots": 8, "lcfs_skill": -5.470898278637959, "lcfs_skill_ci": [-5.924834402410378, -5.004065008192699], "consistency_rms_annulus": 0.08523855482361684, "selection_eligible": true, "wall_s": 15.243168879300356}
ARM {"order": 6, "ridge": 1e-08, "pole_inboard_fraction": 0.55, "ip_anchor": false, "split": "train", "n_scored": 160, "n_shots": 8, "lcfs_skill": -7.982109785112364, "lcfs_skill_ci": [-8.256449700950402, -7.714442099709705], "consistency_rms_annulus": 180527.5211729258, "selection_eligible": false, "wall_s": 6.695138672366738}
ARM {"order": 6, "ridge": 0.0001, "pole_inboard_fraction": 0.25, "ip_anchor": false, "split": "train", "n_scored": 160, "n_shots": 8, "lcfs_skill": -8.823036184305897, "lcfs_skill_ci": [-9.810530837178598, -8.08568955675448], "consistency_rms_annulus": 194909.70517135703, "selection_eligible": false, "wall_s": 15.938073340803385}
ARM {"order": 6, "ridge": 0.0001, "pole_inboard_fraction": 0.41, "ip_anchor": false, "split": "train", "n_scored": 160, "n_shots": 8, "lcfs_skill": -5.525122543351612, "lcfs_skill_ci": [-5.979620896212616, -5.0585848388027355], "consistency_rms_annulus": 0.08525260908782739, "selection_eligible": true, "wall_s": 15.017615545541048}
/home/ITER/mcintos/Code/.reckon-worktrees/imas-ambix-0405601943d2/s-20260820-thar/harmonic-order-sweep/scripts/boundary_harmonic_gate_eval.py:418: RuntimeWarning: All-NaN slice encountered
  "lcfs_offset_median_cm_flattop": (float(np.nanmedian(ft)) if ft.size else None),
ARM {"order": 6, "ridge": 0.0001, "pole_inboard_fraction": 0.55, "ip_anchor": false, "split": "train", "n_scored": 160, "n_shots": 8, "lcfs_skill": -6.32012528249246, "lcfs_skill_ci": [-8.223112070337121, -5.289104052396711], "consistency_rms_annulus": 146986.97476791483, "selection_eligible": false, "wall_s": 6.152300771325827}
ARM {"order": 6, "ridge": 0.01, "pole_inboard_fraction": 0.25, "ip_anchor": false, "split": "train", "n_scored": 160, "n_shots": 8, "lcfs_skill": -10.46262841083908, "lcfs_skill_ci": [-11.506736469038943, -9.702387590245102], "consistency_rms_annulus": 565813.008761093, "selection_eligible": false, "wall_s": 16.35108856856823}
ARM {"order": 6, "ridge": 0.01, "pole_inboard_fraction": 0.41, "ip_anchor": false, "split": "train", "n_scored": 160, "n_shots": 8, "lcfs_skill": -5.5353404388763305, "lcfs_skill_ci": [-6.501800805674882, -4.767255374409374], "consistency_rms_annulus": 0.0935991599977197, "selection_eligible": true, "wall_s": 15.699859151616693}
ARM {"order": 6, "ridge": 0.01, "pole_inboard_fraction": 0.55, "ip_anchor": false, "split": "train", "n_scored": 160, "n_shots": 8, "lcfs_skill": -9.778092635775, "lcfs_skill_ci": [-14.078499956409459, -9.304106947620003], "consistency_rms_annulus": 94447.32417728928, "selection_eligible": false, "wall_s": 6.256011420860887}
ARM {"order": 6, "ridge": 0.1, "pole_inboard_fraction": 0.25, "ip_anchor": false, "split": "train", "n_scored": 160, "n_shots": 8, "lcfs_skill": -11.464846498775149, "lcfs_skill_ci": [-12.360132150455462, -10.797219035155026], "consistency_rms_annulus": 1946953.3579870206, "selection_eligible": false, "wall_s": 17.385220075026155}
ARM {"order": 6, "ridge": 0.1, "pole_inboard_fraction": 0.41, "ip_anchor": false, "split": "train", "n_scored": 160, "n_shots": 8, "lcfs_skill": -7.92028533069977, "lcfs_skill_ci": [-8.57871396910931, -7.512908285925779], "consistency_rms_annulus": 0.1362089216739723, "selection_eligible": true, "wall_s": 15.789989423006773}
ARM {"order": 6, "ridge": 0.1, "pole_inboard_fraction": 0.55, "ip_anchor": false, "split": "train", "n_scored": 160, "n_shots": 8, "lcfs_skill": -16.188900285682017, "lcfs_skill_ci": [-23.994994864621578, -15.501881156563789], "consistency_rms_annulus": 58059.52847109302, "selection_eligible": false, "wall_s": 6.032021444290876}
ARM {"order": 8, "ridge": 1e-08, "pole_inboard_fraction": 0.25, "ip_anchor": false, "split": "train", "n_scored": 160, "n_shots": 8, "lcfs_skill": -10.800329015158363, "lcfs_skill_ci": [-11.527957377108931, -10.151369699341103], "consistency_rms_annulus": 4844187012.077482, "selection_eligible": false, "wall_s": 25.03125879354775}
ARM {"order": 8, "ridge": 1e-08, "pole_inboard_fraction": 0.41, "ip_anchor": false, "split": "train", "n_scored": 160, "n_shots": 8, "lcfs_skill": -7.062461864340379, "lcfs_skill_ci": [-8.159095458972384, -5.876293128001315], "consistency_rms_annulus": 0.08762951807620646, "selection_eligible": true, "wall_s": 17.962477071210742}
ARM {"order": 8, "ridge": 1e-08, "pole_inboard_fraction": 0.55, "ip_anchor": false, "split": "train", "n_scored": 160, "n_shots": 8, "lcfs_skill": -10.144323942414314, "lcfs_skill_ci": [-12.207416658629834, -8.776542091291153], "consistency_rms_annulus": 1063625289.4064928, "selection_eligible": false, "wall_s": 8.424226965755224}
ARM {"order": 8, "ridge": 0.0001, "pole_inboard_fraction": 0.25, "ip_anchor": false, "split": "train", "n_scored": 160, "n_shots": 8, "lcfs_skill": -10.797116854662871, "lcfs_skill_ci": [-11.535210010436145, -10.13767404435977], "consistency_rms_annulus": 5113350589.4654045, "selection_eligible": false, "wall_s": 25.469394946470857}
ARM {"order": 8, "ridge": 0.0001, "pole_inboard_fraction": 0.41, "ip_anchor": false, "split": "train", "n_scored": 160, "n_shots": 8, "lcfs_skill": -6.861958418057044, "lcfs_skill_ci": [-7.99271154309581, -5.695937413151001], "consistency_rms_annulus": 0.08789771658935519, "selection_eligible": true, "wall_s": 17.918632995337248}
ARM {"order": 8, "ridge": 0.0001, "pole_inboard_fraction": 0.55, "ip_anchor": false, "split": "train", "n_scored": 160, "n_shots": 8, "lcfs_skill": -9.351866299458608, "lcfs_skill_ci": [-11.668589385233057, -8.105271000880933], "consistency_rms_annulus": 679703932.754998, "selection_eligible": false, "wall_s": 7.869692414999008}
ARM {"order": 8, "ridge": 0.01, "pole_inboard_fraction": 0.25, "ip_anchor": false, "split": "train", "n_scored": 160, "n_shots": 8, "lcfs_skill": -11.144189387496855, "lcfs_skill_ci": [-11.895288239697331, -10.50449793946403], "consistency_rms_annulus": 1636343024.9114451, "selection_eligible": false, "wall_s": 24.517063343897462}
ARM {"order": 8, "ridge": 0.01, "pole_inboard_fraction": 0.41, "ip_anchor": false, "split": "train", "n_scored": 160, "n_shots": 8, "lcfs_skill": -9.45779213636082, "lcfs_skill_ci": [-10.819463363561171, -8.21360693532017], "consistency_rms_annulus": 220882497.81116512, "selection_eligible": false, "wall_s": 17.492632484063506}
ARM {"order": 8, "ridge": 0.01, "pole_inboard_fraction": 0.55, "ip_anchor": false, "split": "train", "n_scored": 160, "n_shots": 8, "lcfs_skill": -9.77072513951348, "lcfs_skill_ci": [-13.925454741605936, -9.28795003947402], "consistency_rms_annulus": 42605092.54762288, "selection_eligible": false, "wall_s": 6.700379196554422}
ARM {"order": 8, "ridge": 0.1, "pole_inboard_fraction": 0.25, "ip_anchor": false, "split": "train", "n_scored": 160, "n_shots": 8, "lcfs_skill": -11.310875048782542, "lcfs_skill_ci": [-12.02625047193621, -10.771201463646076], "consistency_rms_annulus": 1071762860.593718, "selection_eligible": false, "wall_s": 23.324896704405546}
ARM {"order": 8, "ridge": 0.1, "pole_inboard_fraction": 0.41, "ip_anchor": false, "split": "train", "n_scored": 160, "n_shots": 8, "lcfs_skill": -10.309297581661898, "lcfs_skill_ci": [-12.247700441198472, -9.175633640265524], "consistency_rms_annulus": 225929813.47443137, "selection_eligible": false, "wall_s": 17.59762765094638}
ARM {"order": 8, "ridge": 0.1, "pole_inboard_fraction": 0.55, "ip_anchor": false, "split": "train", "n_scored": 160, "n_shots": 8, "lcfs_skill": -15.719834419983552, "lcfs_skill_ci": [-22.680918278334442, -14.818592415914082], "consistency_rms_annulus": 37502336.39841677, "selection_eligible": false, "wall_s": 6.360420243814588}
SUMMARY {"consistency_guard": 1.0, "guard_passing_arms": 6, "guard_failing_arms": 18, "best_guard_passing_arm": {"order": 6, "ridge": 1e-08, "pole_inboard_fraction": 0.41, "ip_anchor": false, "split": "train", "n_scored": 160, "n_shots": 8, "lcfs_skill": -5.470898278637959, "lcfs_skill_ci": [-5.924834402410378, -5.004065008192699], "consistency_rms_annulus": 0.08523855482361684, "selection_eligible": true, "wall_s": 15.243168879300356}, "any_guard_passing_arm_exceeds_standing_optimum": false, "best_margin_over_standing": -2.165149278637959, "heldout_rescored": false}
WROTE imas_ambix/latent/artifacts/patch_gate/harmonic_high_order_sweep.json docs/figures/toroidal-harmonic-annulus-read/high-order-sweep.png docs/figures/toroidal-harmonic-annulus-read/high-order-sweep.svg
EXIT_MARKER=0
warning: `VIRTUAL_ENV=/home/ITER/mcintos/Code/reckon/.venv` does not match the project environment path `/home/ITER/mcintos/Code/imas-ambix/.venv` and will be ignored; use `--active` to target the active environment instead
VALIDATION arms=24 grid_complete=1 ci_complete=1 strict_json=1 guard_pass=6 guard_fail=18 heldout_rescored=0 figures=2
VALIDATION_EXIT_MARKER=0
VALIDATION_COMMAND_EXIT=0
warning: `VIRTUAL_ENV=/home/ITER/mcintos/Code/reckon/.venv` does not match the project environment path `/home/ITER/mcintos/Code/imas-ambix/.venv` and will be ignored; use `--active` to target the active environment instead
FIGURE_REVIEW_REGEN log_scale=1 95pct_ci_bars=1 heldout_note=1
FIGURE_REGEN_EXIT_MARKER=0
