warning: `VIRTUAL_ENV=/home/ITER/mcintos/Code/reckon/.venv` does not match the project environment path `/home/ITER/mcintos/Code/imas-ambix/.venv` and will be ignored; use `--active` to target the active environment instead
00:18:28 INFO     Parsing data dictionary version 4.1.1 [90m@dd_zip.py:89[0m
INFO:imas.dd_zip:Parsing data dictionary version 4.1.1
/home/ITER/mcintos/Code/imas-ambix/.venv/lib/python3.14/site-packages/numpy/lib/_nanfunctions_impl.py:1997: RuntimeWarning: Degrees of freedom <= 0 for slice.
  var = nanvar(a, axis=axis, dtype=dtype, out=out, ddof=ddof,
/home/ITER/mcintos/Code/imas-ambix/.venv/lib/python3.14/site-packages/numpy/lib/_nanfunctions_impl.py:1997: RuntimeWarning: Degrees of freedom <= 0 for slice.
  var = nanvar(a, axis=axis, dtype=dtype, out=out, ddof=ddof,
/home/ITER/mcintos/Code/imas-ambix/.venv/lib/python3.14/site-packages/numpy/lib/_nanfunctions_impl.py:1997: RuntimeWarning: Degrees of freedom <= 0 for slice.
  var = nanvar(a, axis=axis, dtype=dtype, out=out, ddof=ddof,
/home/ITER/mcintos/Code/imas-ambix/.venv/lib/python3.14/site-packages/numpy/lib/_nanfunctions_impl.py:1997: RuntimeWarning: Degrees of freedom <= 0 for slice.
  var = nanvar(a, axis=axis, dtype=dtype, out=out, ddof=ddof,
/home/ITER/mcintos/Code/imas-ambix/.venv/lib/python3.14/site-packages/numpy/lib/_nanfunctions_impl.py:1997: RuntimeWarning: Degrees of freedom <= 0 for slice.
  var = nanvar(a, axis=axis, dtype=dtype, out=out, ddof=ddof,
/home/ITER/mcintos/Code/imas-ambix/.venv/lib/python3.14/site-packages/numpy/lib/_nanfunctions_impl.py:1997: RuntimeWarning: Degrees of freedom <= 0 for slice.
  var = nanvar(a, axis=axis, dtype=dtype, out=out, ddof=ddof,
/home/ITER/mcintos/Code/imas-ambix/.venv/lib/python3.14/site-packages/numpy/lib/_nanfunctions_impl.py:1997: RuntimeWarning: Degrees of freedom <= 0 for slice.
  var = nanvar(a, axis=axis, dtype=dtype, out=out, ddof=ddof,
/home/ITER/mcintos/Code/imas-ambix/.venv/lib/python3.14/site-packages/numpy/lib/_nanfunctions_impl.py:1997: RuntimeWarning: Degrees of freedom <= 0 for slice.
  var = nanvar(a, axis=axis, dtype=dtype, out=out, ddof=ddof,
PREPARED slices=160 shots=8
WAITING config=imas_ambix/latent/artifacts/patch_gate/unanchored_selection.json
/home/ITER/mcintos/Code/.reckon-worktrees/imas-ambix-0405601943d2/s-20260819-thar/harmonic-config-refreeze/imas_ambix/latent/artifacts/patch_gate/run_harmonic_configuration_selection.py:196: RuntimeWarning: All-NaN slice encountered
  per_slice_offset = np.nanmedian(lcfs_offset, axis=1)
/home/ITER/mcintos/Code/.reckon-worktrees/imas-ambix-0405601943d2/s-20260819-thar/harmonic-config-refreeze/imas_ambix/latent/artifacts/patch_gate/run_harmonic_configuration_selection.py:214: RuntimeWarning: All-NaN slice encountered
  np.nanmedian(per_slice_offset[flattop_array])
ARM split=train order=3 ridge=1e-08 fraction=0.41 anchor=True lcfs=-9.481059 ci=[-10.474014665808738, -9.007567427583055] consistency=10.358450
WROTE imas_ambix/latent/artifacts/patch_gate/anchor_ablation_result.json
EXIT_MARKER=0
